[14:06:59] 01_read_train_csv: 0.05 s
[14:07:04] 02_make_network_train: 5.18 s
[14:07:14] 03_plot_networks: 9.53 s
NULL
Model and/or observational constraints are not dyad-independent. Dyad imputation cannot be used. Please ensure your LHS network satisfies all constraints.
Starting contrastive divergence estimation via CD-MCMLE:
Iteration 1 of at most 60:
Convergence test P-value:3.8e-08
Warning: ‘glpk’ selected as the solver, but package ‘Rglpk’ is not available; falling back to ‘lpSolveAPI’. This should be fine unless the sample size and/or the number of parameters is very big.
1 The log-likelihood improved by 0.03646.
Iteration 2 of at most 60:
Convergence test P-value:2.6e-01
1 The log-likelihood improved by 0.005689.
Iteration 3 of at most 60:
Convergence test P-value:2.3e-01
1 The log-likelihood improved by 0.005971.
Iteration 4 of at most 60:
Convergence test P-value:6.4e-02
1 The log-likelihood improved by 0.008832.
Iteration 5 of at most 60:
Convergence test P-value:2.8e-01
1 The log-likelihood improved by 0.005546.
Iteration 6 of at most 60:
Convergence test P-value:7.6e-02
1 The log-likelihood improved by 0.00808.
Iteration 7 of at most 60:
Convergence test P-value:1.9e-01
1 The log-likelihood improved by 0.006508.
Iteration 8 of at most 60:
Convergence test P-value:9.4e-01
Convergence detected. Stopping.
1 The log-likelihood improved by 0.001405.
Finished CD.
Starting Monte Carlo maximum likelihood estimation (MCMLE):
Iteration 1 of at most 2:
1 Optimizing with step length 0.1675.
The log-likelihood improved by 3.4755.
Estimating equations are not within tolerance region.
Iteration 2 of at most 2:
1 Optimizing with step length 0.2140.
The log-likelihood improved by 3.1609.
Estimating equations are not within tolerance region.
MCMLE estimation did not converge after 2 iterations. The estimated coefficients may not be accurate. Estimation may be resumed by passing the coefficients as initial values; see 'init' under ?control.ergm for details.
Finished MCMLE.
This model was fit using MCMC.  To examine model diagnostics and check
for degeneracy, use the mcmc.diagnostics() function.
[14:09:30] 04_fit_null: 136.57 s
Warning message:
In ergm.checkconstraints.model(model, proposal, control$init) :
  The specified model's sample space constraint holds statistic(s) edges  constant. They will be ignored.
Call:
ergm(formula = net_purchase ~ edges + offset(edgecov(mat_inv)) + 
    b2cov("V1") + b2cov("V2") + b2cov("V3") + b2factor("V4"), 
    constraints = ~b1degrees, offset.coef = -Inf, eval.loglik = FALSE, 
    control = CTRL(100))

Monte Carlo Maximum Likelihood Results:

                        Estimate Std. Error MCMC % z value Pr(>|z|)    
edges                    0.00000    0.00000      0     NaN      NaN    
offset(edgecov.mat_inv)     -Inf    0.00000      0    -Inf   <1e-04 ***
b2cov.V1                -3.30134    0.14367      0 -22.979   <1e-04 ***
b2cov.V2                -0.73097    0.07457      0  -9.802   <1e-04 ***
b2cov.V3                 2.21696    0.10284      0  21.558   <1e-04 ***
b2factor.V4.2            1.80344    0.08522      0  21.162   <1e-04 ***
b2factor.V4.3            3.18063    0.10172      0  31.268   <1e-04 ***
b2factor.V4.4            1.52025    0.08273      0  18.375   <1e-04 ***
b2factor.V4.5            1.58501    0.09954      0  15.923   <1e-04 ***
---
Signif. codes:  0 ‘***’ 0.001 ‘**’ 0.01 ‘*’ 0.05 ‘.’ 0.1 ‘ ’ 1

Log-likelihood was not estimated for this fit. To get deviances, AIC, and/or BIC, use ‘*fit* <-logLik(*fit*, add=TRUE)’ to add it to the object or rerun this function with eval.loglik=TRUE.

 The following terms are fixed by offset and are not estimated:
   `offset(edgecov.mat_inv)` 
 
Warnings:

 * The following terms could not be estimated because they conflicted
   with the sample space constraint:

   edges
Model and/or observational constraints are not dyad-independent. Dyad imputation cannot be used. Please ensure your LHS network satisfies all constraints.
Starting contrastive divergence estimation via CD-MCMLE:
Iteration 1 of at most 60:
Convergence test P-value:4.5e-08
1 The log-likelihood improved by 0.01334.
Iteration 2 of at most 60:
Convergence test P-value:2.5e-02
1 The log-likelihood improved by 0.01035.
Iteration 3 of at most 60:
Convergence test P-value:3.2e-02
1 The log-likelihood improved by 0.004334.
Iteration 4 of at most 60:
Convergence test P-value:6.7e-02
1 The log-likelihood improved by 0.007052.
Iteration 5 of at most 60:
Convergence test P-value:1e-01
1 The log-likelihood improved by 0.006967.
Iteration 6 of at most 60:
Convergence test P-value:8.8e-03
1 The log-likelihood improved by 0.005305.
Iteration 7 of at most 60:
Convergence test P-value:6.7e-01
Convergence detected. Stopping.
1 The log-likelihood improved by 0.002754.
Finished CD.
Warning: Model statistics ‘b2deg25+’ are not varying. This may indicate that the observed data occupies an extreme point in the sample space or that the estimation has reached a dead-end configuration.
Starting Monte Carlo maximum likelihood estimation (MCMLE):
Iteration 1 of at most 2:
