[17:14:38] 01_read_train_csv: 0.05 s
[17:14:43] 02_make_network_train: 5.16 s
[17:14:53] 03_plot_networks: 9.41 s
NULL
Model and/or observational constraints are not dyad-independent. Dyad imputation cannot be used. Please ensure your LHS network satisfies all constraints.
Starting contrastive divergence estimation via CD-MCMLE:
Iteration 1 of at most 60:
Convergence test P-value:4.2e-14
Warning: ‘glpk’ selected as the solver, but package ‘Rglpk’ is not available; falling back to ‘lpSolveAPI’. This should be fine unless the sample size and/or the number of parameters is very big.
1 The log-likelihood improved by 0.06052.
Iteration 2 of at most 60:
Convergence test P-value:1.6e-01
1 The log-likelihood improved by 0.007391.
Iteration 3 of at most 60:
Convergence test P-value:1.1e-01
1 The log-likelihood improved by 0.008107.
Iteration 4 of at most 60:
Convergence test P-value:2.3e-01
1 The log-likelihood improved by 0.005849.
Iteration 5 of at most 60:
Convergence test P-value:8.3e-02
1 The log-likelihood improved by 0.009003.
Iteration 6 of at most 60:
Convergence test P-value:3.2e-03
1 The log-likelihood improved by 0.01848.
Iteration 7 of at most 60:
Convergence test P-value:3.8e-01
1 The log-likelihood improved by 0.005364.
Iteration 8 of at most 60:
Convergence test P-value:2.9e-01
1 The log-likelihood improved by 0.005414.
Iteration 9 of at most 60:
Convergence test P-value:2.6e-01
1 The log-likelihood improved by 0.006268.
Iteration 10 of at most 60:
Convergence test P-value:2.3e-01
1 The log-likelihood improved by 0.006712.
Iteration 11 of at most 60:
Convergence test P-value:4.1e-01
1 The log-likelihood improved by 0.004749.
Iteration 12 of at most 60:
Convergence test P-value:3e-01
1 The log-likelihood improved by 0.002931.
Iteration 13 of at most 60:
Convergence test P-value:2.7e-02
1 The log-likelihood improved by 0.01353.
Iteration 14 of at most 60:
Convergence test P-value:8.6e-03
1 The log-likelihood improved by 0.01959.
Iteration 15 of at most 60:
Convergence test P-value:1.5e-02
1 The log-likelihood improved by 0.01415.
Iteration 16 of at most 60:
Convergence test P-value:1.7e-02
1 The log-likelihood improved by 0.01318.
Iteration 17 of at most 60:
Convergence test P-value:8e-01
Convergence detected. Stopping.
1 The log-likelihood improved by 0.002327.
Finished CD.
Starting Monte Carlo maximum likelihood estimation (MCMLE):
Iteration 1 of at most 200:
1 Optimizing with step length 0.0260.
The log-likelihood improved by 4.1961.
Estimating equations are not within tolerance region.
Iteration 2 of at most 200:
1 Optimizing with step length 0.0287.
The log-likelihood improved by 3.4913.
Estimating equations are not within tolerance region.
Iteration 3 of at most 200:
1 Optimizing with step length 0.0241.
The log-likelihood improved by 2.6795.
Estimating equations are not within tolerance region.
Iteration 4 of at most 200:
1 Optimizing with step length 0.0350.
The log-likelihood improved by 3.8189.
Estimating equations are not within tolerance region.
Iteration 5 of at most 200:
1 Optimizing with step length 0.0325.
The log-likelihood improved by 3.3917.
Estimating equations are not within tolerance region.
Iteration 6 of at most 200:
1 Optimizing with step length 0.0378.
The log-likelihood improved by 3.4780.
Estimating equations are not within tolerance region.
Iteration 7 of at most 200:
1 Optimizing with step length 0.0355.
The log-likelihood improved by 2.7145.
Estimating equations are not within tolerance region.
Iteration 8 of at most 200:
1 Optimizing with step length 0.0305.
The log-likelihood improved by 2.3962.
Estimating equations are not within tolerance region.
Iteration 9 of at most 200:
1 Optimizing with step length 0.0542.
The log-likelihood improved by 4.4918.
Estimating equations are not within tolerance region.
Iteration 10 of at most 200:
1 Optimizing with step length 0.0511.
The log-likelihood improved by 3.2202.
Estimating equations are not within tolerance region.
Iteration 11 of at most 200:
1 Optimizing with step length 0.0599.
The log-likelihood improved by 3.3363.
Estimating equations are not within tolerance region.
Iteration 12 of at most 200:
1 Optimizing with step length 0.0627.
The log-likelihood improved by 3.7888.
Estimating equations are not within tolerance region.
Iteration 13 of at most 200:
1 Optimizing with step length 0.0608.
The log-likelihood improved by 2.5083.
Estimating equations are not within tolerance region.
Iteration 14 of at most 200:
1 Optimizing with step length 0.0821.
The log-likelihood improved by 3.5853.
Estimating equations are not within tolerance region.
Iteration 15 of at most 200:
1 Optimizing with step length 0.0841.
The log-likelihood improved by 3.7903.
Estimating equations are not within tolerance region.
Iteration 16 of at most 200:
1 Optimizing with step length 0.1115.
The log-likelihood improved by 3.7013.
Estimating equations are not within tolerance region.
Iteration 17 of at most 200:
1 Optimizing with step length 0.0938.
The log-likelihood improved by 2.6329.
Estimating equations are not within tolerance region.
Iteration 18 of at most 200:
1 Optimizing with step length 0.1364.
The log-likelihood improved by 4.1558.
Estimating equations are not within tolerance region.
Iteration 19 of at most 200:
1 Optimizing with step length 0.1387.
The log-likelihood improved by 2.8883.
Estimating equations are not within tolerance region.
Iteration 20 of at most 200:
1 Optimizing with step length 0.2444.
The log-likelihood improved by 3.8245.
Estimating equations are not within tolerance region.
Iteration 21 of at most 200:
1 Optimizing with step length 0.3290.
The log-likelihood improved by 2.7094.
Estimating equations are not within tolerance region.
Iteration 22 of at most 200:
1 Optimizing with step length 0.3498.
The log-likelihood improved by 3.1755.
Estimating equations are not within tolerance region.
Iteration 23 of at most 200:
1 Optimizing with step length 0.9691.
The log-likelihood improved by 3.0504.
Estimating equations are not within tolerance region.
Iteration 24 of at most 200:
1 Optimizing with step length 1.0000.
The log-likelihood improved by 0.7532.
Estimating equations are not within tolerance region.
Iteration 25 of at most 200:
1 Optimizing with step length 1.0000.
The log-likelihood improved by 0.2474.
Estimating equations are not within tolerance region.
Iteration 26 of at most 200:
1 Optimizing with step length 1.0000.
The log-likelihood improved by 0.1786.
Estimating equations are not within tolerance region.
Iteration 27 of at most 200:
1 Optimizing with step length 1.0000.
The log-likelihood improved by 0.2499.
Estimating equations are not within tolerance region.
Iteration 28 of at most 200:
1 Optimizing with step length 1.0000.
The log-likelihood improved by 0.2109.
Estimating equations are not within tolerance region.
Iteration 29 of at most 200:
1 Optimizing with step length 1.0000.
The log-likelihood improved by 0.1622.
Estimating equations are not within tolerance region.
Iteration 30 of at most 200:
1 Optimizing with step length 1.0000.
The log-likelihood improved by 0.0380.
Convergence test p-value: 0.5755. Not converged with 99% confidence; increasing sample size.
Iteration 31 of at most 200:
1 Optimizing with step length 1.0000.
The log-likelihood improved by 0.0724.
Convergence test p-value: 0.1987. Not converged with 99% confidence; increasing sample size.
Iteration 32 of at most 200:
1 Optimizing with step length 1.0000.
The log-likelihood improved by 0.0345.
Convergence test p-value: 0.5256. Not converged with 99% confidence; increasing sample size.
Iteration 33 of at most 200:
1 Optimizing with step length 1.0000.
The log-likelihood improved by 0.0147.
Convergence test p-value: 0.2227. Not converged with 99% confidence; increasing sample size.
Iteration 34 of at most 200:
1 Optimizing with step length 1.0000.
The log-likelihood improved by 0.0211.
Convergence test p-value: 0.0046. Converged with 99% confidence.
Finished MCMLE.
This model was fit using MCMC.  To examine model diagnostics and check
for degeneracy, use the mcmc.diagnostics() function.
[17:31:59] 06_fit_star: 1026.98 s
Call:
ergm(formula = net_purchase ~ edges + offset(edgecov(mat_inv)) + 
    b2cov("V1") + b2cov("V2") + b2cov("V3") + b2factor("V4") + 
    b2star(2), constraints = ~b1degrees, offset.coef = -Inf, 
    eval.loglik = FALSE, control = CTRL(30))

Monte Carlo Maximum Likelihood Results:

                          Estimate Std. Error MCMC % z value Pr(>|z|)    
edges                    0.0000000  0.0000000      0     NaN      NaN    
offset(edgecov.mat_inv)       -Inf  0.0000000      0    -Inf   <1e-04 ***
b2cov.V1                -3.0498114  0.1000371      0 -30.487   <1e-04 ***
b2cov.V2                -0.0381650  0.0482460      0  -0.791    0.429    
b2cov.V3                 1.5982802  0.0734545      0  21.759   <1e-04 ***
b2factor.V4.2            1.2313084  0.0575767      0  21.386   <1e-04 ***
b2factor.V4.3            2.2136847  0.0712046      0  31.089   <1e-04 ***
b2factor.V4.4            1.2216362  0.0631502      0  19.345   <1e-04 ***
b2factor.V4.5            1.1853674  0.0772530      0  15.344   <1e-04 ***
b2star2                  0.0057806  0.0001208      0  47.847   <1e-04 ***
---
Signif. codes:  0 ‘***’ 0.001 ‘**’ 0.01 ‘*’ 0.05 ‘.’ 0.1 ‘ ’ 1

Log-likelihood was not estimated for this fit. To get deviances, AIC, and/or BIC, use ‘*fit* <-logLik(*fit*, add=TRUE)’ to add it to the object or rerun this function with eval.loglik=TRUE.

 The following terms are fixed by offset and are not estimated:
   `offset(edgecov.mat_inv)` 
 
Warnings:

 * The following terms could not be estimated because they conflicted
   with the sample space constraint:

   edges
Warning message:
In ergm.checkconstraints.model(model, proposal, control$init) :
  The specified model's sample space constraint holds statistic(s) edges  constant. They will be ignored.
[17:32:00] 08_read_test_csv: 0.05 s
[17:32:04] 09_make_network_test: 4.07 s
Model and/or observational constraints are not dyad-independent. Dyad imputation cannot be used. Please ensure your LHS network satisfies all constraints.
Starting contrastive divergence estimation via CD-MCMLE:
Iteration 1 of at most 60:
Convergence test P-value:7e-13
1 The log-likelihood improved by 0.05913.
Iteration 2 of at most 60:
Convergence test P-value:4.6e-03
1 The log-likelihood improved by 0.01458.
Iteration 3 of at most 60:
Convergence test P-value:1.9e-01
1 The log-likelihood improved by 0.006349.
Iteration 4 of at most 60:
Convergence test P-value:6.6e-01
Convergence detected. Stopping.
1 The log-likelihood improved by 0.003383.
Finished CD.
Starting Monte Carlo maximum likelihood estimation (MCMLE):
Iteration 1 of at most 200:
1 Optimizing with step length 0.0288.
The log-likelihood improved by 4.0257.
Estimating equations are not within tolerance region.
Iteration 2 of at most 200:
1 Optimizing with step length 0.0249.
The log-likelihood improved by 2.9796.
Estimating equations are not within tolerance region.
Iteration 3 of at most 200:
1 Optimizing with step length 0.0340.
The log-likelihood improved by 3.9433.
Estimating equations are not within tolerance region.
Iteration 4 of at most 200:
1 Optimizing with step length 0.0271.
The log-likelihood improved by 2.2321.
Estimating equations are not within tolerance region.
Iteration 5 of at most 200:
1 Optimizing with step length 0.0297.
The log-likelihood improved by 3.4944.
Estimating equations are not within tolerance region.
Iteration 6 of at most 200:
1 Optimizing with step length 0.0356.
The log-likelihood improved by 2.5889.
Estimating equations are not within tolerance region.
Iteration 7 of at most 200:
1 Optimizing with step length 0.0416.
The log-likelihood improved by 3.9722.
Estimating equations are not within tolerance region.
Iteration 8 of at most 200:
1 Optimizing with step length 0.0350.
The log-likelihood improved by 2.8120.
Estimating equations are not within tolerance region.
Iteration 9 of at most 200:
1 Optimizing with step length 0.0405.
The log-likelihood improved by 3.5628.
Estimating equations are not within tolerance region.
Iteration 10 of at most 200:
1 Optimizing with step length 0.0375.
The log-likelihood improved by 2.7417.
Estimating equations are not within tolerance region.
Iteration 11 of at most 200:
1 Optimizing with step length 0.0453.
The log-likelihood improved by 2.5336.
Estimating equations are not within tolerance region.
Iteration 12 of at most 200:
1 Optimizing with step length 0.0529.
The log-likelihood improved by 2.9488.
Estimating equations are not within tolerance region.
Iteration 13 of at most 200:
1 Optimizing with step length 0.0741.
The log-likelihood improved by 3.0271.
Estimating equations are not within tolerance region.
Iteration 14 of at most 200:
1 Optimizing with step length 0.0880.
The log-likelihood improved by 3.1660.
Estimating equations are not within tolerance region.
Iteration 15 of at most 200:
1 Optimizing with step length 0.0876.
The log-likelihood improved by 2.4868.
Estimating equations are not within tolerance region.
Iteration 16 of at most 200:
1 Optimizing with step length 0.1200.
The log-likelihood improved by 3.5138.
Estimating equations are not within tolerance region.
Iteration 17 of at most 200:
1 Optimizing with step length 0.1270.
The log-likelihood improved by 3.5744.
Estimating equations are not within tolerance region.
Iteration 18 of at most 200:
1 Optimizing with step length 0.1963.
The log-likelihood improved by 3.4751.
Estimating equations are not within tolerance region.
Iteration 19 of at most 200:
1 Optimizing with step length 0.2167.
The log-likelihood improved by 3.2138.
Estimating equations are not within tolerance region.
Iteration 20 of at most 200:
1 Optimizing with step length 0.3412.
The log-likelihood improved by 3.0842.
Estimating equations are not within tolerance region.
Iteration 21 of at most 200:
1 Optimizing with step length 0.6603.
The log-likelihood improved by 2.8546.
Estimating equations are not within tolerance region.
Iteration 22 of at most 200:
1 Optimizing with step length 0.8446.
The log-likelihood improved by 2.3696.
Estimating equations are not within tolerance region.
Iteration 23 of at most 200:
1 Optimizing with step length 1.0000.
The log-likelihood improved by 0.9854.
Estimating equations are not within tolerance region.
Iteration 24 of at most 200:
1 Optimizing with step length 1.0000.
The log-likelihood improved by 1.1871.
Estimating equations are not within tolerance region.
Iteration 25 of at most 200:
1 Optimizing with step length 1.0000.
The log-likelihood improved by 0.2142.
Estimating equations are not within tolerance region.
Iteration 26 of at most 200:
1 Optimizing with step length 1.0000.
The log-likelihood improved by 0.1204.
Estimating equations are not within tolerance region.
Iteration 27 of at most 200:
1 Optimizing with step length 1.0000.
The log-likelihood improved by 0.1821.
Estimating equations are not within tolerance region.
Estimating equations did not move closer to tolerance region more than 1 time(s) in 4 steps; increasing sample size.
Iteration 28 of at most 200:
1 Optimizing with step length 1.0000.
The log-likelihood improved by 0.0875.
Convergence test p-value: 0.9042. Not converged with 99% confidence; increasing sample size.
Iteration 29 of at most 200:
1 Optimizing with step length 1.0000.
The log-likelihood improved by 0.2687.
Estimating equations are not within tolerance region.
Iteration 30 of at most 200:
1 Optimizing with step length 1.0000.
The log-likelihood improved by 0.0646.
Convergence test p-value: 0.6874. Not converged with 99% confidence; increasing sample size.
Iteration 31 of at most 200:
1 Optimizing with step length 1.0000.
The log-likelihood improved by 0.0180.
Convergence test p-value: 0.0044. Converged with 99% confidence.
Finished MCMLE.
This model was fit using MCMC.  To examine model diagnostics and check
for degeneracy, use the mcmc.diagnostics() function.
[17:50:01] 10_fit_test_structure_1iter: 1074.67 s
Warning message:
In ergm.checkconstraints.model(model, proposal, control$init) :
  The specified model's sample space constraint holds statistic(s) edges  constant. They will be ignored.
[17:50:02] 11_prediction_loop: 0.74 s
NULL
Warning message:
In .Deprecate_once(msg = "Using x$coef to access the coefficient vector of an ergm is deprecated. Use coef(x) instead.") :
  Using x$coef to access the coefficient vector of an ergm is deprecated. Use coef(x) instead.
[17:50:02] 12_topn_eval: 0.01 s
NULL
top-3 accuracy: 1 
