===== Python MCMLE — 198.3 s, 31 iterations, converged=True =====
term                 Estimate   Std. Error    z value
b2cov.V1            -3.047896     0.099234    -30.714
b2cov.V2            -0.040361     0.048056     -0.840
b2cov.V3             1.598575     0.074456     21.470
b2factor.V4.2        1.231442     0.058666     20.991
b2factor.V4.3        2.215065     0.070747     31.310
b2factor.V4.4        1.220692     0.061819     19.746
b2factor.V4.5        1.189799     0.076061     15.643
b2star2              0.005789     0.000123     47.013

converged after 31 iterations

last 10 iterations:
  iter  22  step 0.1921  gap   10.222
  iter  23  step 0.2575  gap    8.474
  iter  24  step 0.2705  gap    7.744
  iter  25  step 0.3479  gap    6.427
  iter  26  step 0.4535  gap    4.440
  iter  27  step 0.7313  gap    3.279
  iter  28  step 0.9165  gap    2.070
  iter  29  step 1.0000  gap    1.064
  iter  30  step 1.0000  gap    0.205
  iter  31  step 1.0000  gap    0.114

term                  python        ergm      diff      py SE    ergm SE
b2cov.V1            -3.04790    -3.04511  -0.00279    0.09923    0.10079
b2cov.V2            -0.04036    -0.03583  -0.00454    0.04806    0.04839
b2cov.V3             1.59857     1.59478   0.00379    0.07446    0.07278
b2factor.V4.2        1.23144     1.22498   0.00647    0.05867    0.06014
b2factor.V4.3        2.21506     2.20615   0.00891    0.07075    0.07218
b2factor.V4.4        1.22069     1.21932   0.00137    0.06182    0.06398
b2factor.V4.5        1.18980     1.18473   0.00507    0.07606    0.07901
b2star2              0.00579     0.00582  -0.00003    0.00012    0.00013

top-1/2/3 accuracy: 0.4550 / 0.7500 / 0.8984
